// Jest Snapshot v1, https://goo.gl/fbAQLP

exports[`Test button should test snapshot 1`] = `"<button type=\\"simple\\" class=\\"sc-bdVaJa bTxtfJ\\">HomeLike</button>"`;
